// Jest Snapshot v1, https://goo.gl/fbAQLP

exports[`Idea component tests should render a list of Ideas 1`] = `
<div
  className="ideaListcontainer"
>
  <div
    className="ideaContainer"
  >
    <div
      className="ideaContainer"
    >
      <form
        className="ideaForm"
        onSubmit={[Function]}
      >
        <label
          className="ideaTitleLabel"
        >
          <input
            className="ideaTitleInput"
            data-testid="IdeaForm.title"
            id="title"
            name="title"
            onChange={[Function]}
            placeholder="Title"
            required={true}
            type="text"
            value="Title 1"
          />
        </label>
        <label
          className="ideaLabelDescription"
          data-testid="IdeaForm.description"
        >
          <textarea
            className="ideaDescriptionInput"
            maxLength={140}
            name="description"
            onChange={[Function]}
            placeholder="Description"
            value="Description 1"
          />
        </label>
        <p
          className="ideaTimestamp"
        >
          1970-01-02 - 11:17:36
        </p>
        <div
          className="callToActionContainer"
        >
          <button
            data-testid="IdeaForm.buttonAdd"
            disabled={false}
            type="submit"
          >
            Update
          </button>
          <button
            className="ideaFormButton"
            data-testid="IdeaForm.buttonReset"
            onClick={[Function]}
          >
            Reset
          </button>
          <button
            data-testid="IdeaForm.buttonDelete"
            onClick={[Function]}
          >
            Delete
          </button>
        </div>
      </form>
    </div>
  </div>
  <div
    className="ideaContainer"
  >
    <div
      className="ideaContainer"
    >
      <form
        className="ideaForm"
        onSubmit={[Function]}
      >
        <label
          className="ideaTitleLabel"
        >
          <input
            className="ideaTitleInput"
            data-testid="IdeaForm.title"
            id="title"
            name="title"
            onChange={[Function]}
            placeholder="Title"
            required={true}
            type="text"
            value="Title 2"
          />
        </label>
        <label
          className="ideaLabelDescription"
          data-testid="IdeaForm.description"
        >
          <textarea
            className="ideaDescriptionInput"
            maxLength={140}
            name="description"
            onChange={[Function]}
            placeholder="Description"
            value="Description 2"
          />
        </label>
        <p
          className="ideaTimestamp"
        >
          1970-01-02 - 11:17:36
        </p>
        <div
          className="callToActionContainer"
        >
          <button
            data-testid="IdeaForm.buttonAdd"
            disabled={false}
            type="submit"
          >
            Update
          </button>
          <button
            className="ideaFormButton"
            data-testid="IdeaForm.buttonReset"
            onClick={[Function]}
          >
            Reset
          </button>
          <button
            data-testid="IdeaForm.buttonDelete"
            onClick={[Function]}
          >
            Delete
          </button>
        </div>
      </form>
    </div>
  </div>
</div>
`;
