// Jest Snapshot v1, https://goo.gl/fbAQLP

exports[`Card component tests should render a default Idea component form 1`] = `
<div
  className="ideaContainer"
  data-testid="card-component"
>
  <form
    className="ideaForm"
    onSubmit={[Function]}
  >
    <label
      className="ideaTitleLabel"
    >
      <input
        className="ideaTitleInput"
        id="title-undefined"
        name="title"
        onBlur={[Function]}
        onChange={[Function]}
        placeholder="Title"
        required={true}
      />
    </label>
    <label
      className="ideaDescriptionLabel"
    >
      <textarea
        className="ideaDescriptionInput"
        id="description-undefined"
        maxLength={140}
        name="description"
        onBlur={[Function]}
        onChange={[Function]}
        placeholder="Description"
      />
    </label>
    <div
      className="callToActionContainer"
    >
      <button
        aria-label="Add Button"
        type="submit"
      >
        Add
      </button>
      <button
        onClick={[Function]}
        type="button"
      >
        Reset
      </button>
    </div>
  </form>
</div>
`;
